// Jest Snapshot v1, https://goo.gl/fbAQLP

exports[`<Article/> renders 1`] = `ShallowWrapper {}`;
