// Jest Snapshot v1, https://goo.gl/fbAQLP

exports[`<ArticleList /> renders 1`] = `ShallowWrapper {}`;
